// Jest Snapshot v1, https://goo.gl/fbAQLP

exports[`test for Qoutes component renders Qoutes component properly 1`] = `
<div
  className="main_qoute"
>
  <p>
    Mathematics is not about numbers, equations, computations, or algorithms: it is about understanding.  -William Paul Thurston
  </p>
</div>
`;
